node.exe : npm error code EJSONPARSE
At C:\Program Files\nodejs\npm.ps1:29 char:3
+   & $NODE_EXE $NPM_CLI_JS $args
+   ~~~~~~~~~~~~~~~~~~~~~~~~~~~~~
    + CategoryInfo          : NotSpecified: (npm error code EJSONPARSE:String) 
    [], RemoteException
    + FullyQualifiedErrorId : NativeCommandError
 
npm error JSON.parse Invalid package.json: JSONParseError: Expected 
double-quoted property name in JSON at position 904 (line 18 column 1) while 
parsing near "...expo start --web\",\r\n<<<<<<< HEAD\r\n    \"l..."
npm error JSON.parse Failed to parse JSON data.
npm error JSON.parse Note: package.json must be actual JSON, not just 
JavaScript.
npm error A complete log of this run can be found in: C:\Users\Admin\AppData\Lo
cal\npm-cache\_logs\2026-03-23T06_40_55_524Z-debug-0.log
